
[TestMetricsSuite/TestSegmentationRules/mysql_empty_exclude - 1]
select
  COALESCE(SUBSTRING(CAST(workspace AS CHAR), 1, 100), '') as segment, 
  count(ingested_at) as num_not_null, 
  min(ingested_at) as min, 
  max(ingested_at) as max
from default.runs 
group by COALESCE(SUBSTRING(CAST(workspace AS CHAR), 1, 100), '')
order by COALESCE(SUBSTRING(CAST(workspace AS CHAR), 1, 100), '') 
---

[TestMetricsSuite/TestSegmentationRules/mysql_empty_include - 1]
select
  COALESCE(SUBSTRING(CAST(workspace AS CHAR), 1, 100), '') as segment, 
  count(ingested_at) as num_not_null, 
  min(ingested_at) as min, 
  max(ingested_at) as max
from default.runs 
where (1=2)
group by COALESCE(SUBSTRING(CAST(workspace AS CHAR), 1, 100), '')
order by COALESCE(SUBSTRING(CAST(workspace AS CHAR), 1, 100), '') 
---

[TestMetricsSuite/TestSegmentationRules/mysql_allowed_segments - 1]
select
  COALESCE(SUBSTRING(CAST(workspace AS CHAR), 1, 100), '') as segment, 
  count(ingested_at) as num_not_null, 
  min(ingested_at) as min, 
  max(ingested_at) as max
from default.runs 
where COALESCE(SUBSTRING(CAST(workspace AS CHAR), 1, 100), '') in ('synq-demo', 'synq-demo-2')
group by COALESCE(SUBSTRING(CAST(workspace AS CHAR), 1, 100), '')
order by COALESCE(SUBSTRING(CAST(workspace AS CHAR), 1, 100), '') 
---
