
[TestMetricsSuite/TestMultiMetricValues - 1]
select
  COALESCE(CAST(workspace AS CHAR), '') as segment, 
  COALESCE(CAST(run_type AS CHAR), '') as segment_2, 
  count(workspace) as workspace$num_not_null, 
  count(distinct workspace) as workspace$num_unique, 
  SUM(CASE WHEN %s THEN 1 ELSE 0 END)(workspace = '') as workspace$num_empty, 
  count(run_type) as run_type$num_not_null, 
  count(distinct run_type) as run_type$num_unique, 
  SUM(CASE WHEN %s THEN 1 ELSE 0 END)(run_type = 0) as run_type$num_empty, 
  CAST(avg(run_type) AS FLOAT) as run_type$mean, 
  CAST(min(run_type) AS FLOAT) as run_type$min, 
  CAST(max(run_type) AS FLOAT) as run_type$max, 
  CAST(MEDIAN(run_type) AS FLOAT) as run_type$median, 
  CAST(STDDEV(run_type) AS FLOAT) as run_type$stddev
from default.runs 

group by
  COALESCE(CAST(workspace AS CHAR), ''), 
  COALESCE(CAST(run_type AS CHAR), '')
order by
  COALESCE(CAST(workspace AS CHAR), ''), 
  COALESCE(CAST(run_type AS CHAR), '') 
---
