
[TestMetricsSuite/TestSegmentWithTimeRange - 1]
select
  COALESCE(CAST(workspace AS VARCHAR), '') as segment, 
  'run_type' as field, 
  count(*) as num_rows, 
  count(run_type) as num_not_null, 
  count(distinct run_type) as num_unique, 
  count_if(run_type = 0) as num_empty, 
  CAST(avg(run_type) AS DOUBLE) as mean, 
  CAST(min(run_type) AS DOUBLE) as min, 
  CAST(max(run_type) AS DOUBLE) as max, 
  CAST(approx_percentile(run_type, 0.5) AS DOUBLE) as median, 
  CAST(STDDEV(run_type) AS DOUBLE) as stddev
from db.default.runs 
where
  ingested_at >= from_iso8601_timestamp('2025-01-01T00:00:00Z') and 
  ingested_at < from_iso8601_timestamp('2025-02-01T00:00:00Z')
group by COALESCE(CAST(workspace AS VARCHAR), '')
order by COALESCE(CAST(workspace AS VARCHAR), '') 
---

[TestMetricsSuite/TestSegmentWithTimeRangeWithFilter - 1]
select
  COALESCE(CAST(workspace AS VARCHAR), '') as segment, 
  'run_type' as field, 
  count(*) as num_rows, 
  count(run_type) as num_not_null, 
  count(distinct run_type) as num_unique, 
  count_if(run_type = 0) as num_empty, 
  CAST(avg(run_type) AS DOUBLE) as mean, 
  CAST(min(run_type) AS DOUBLE) as min, 
  CAST(max(run_type) AS DOUBLE) as max, 
  CAST(approx_percentile(run_type, 0.5) AS DOUBLE) as median, 
  CAST(STDDEV(run_type) AS DOUBLE) as stddev
from db.default.runs 
where
  ingested_at >= from_iso8601_timestamp('2025-01-01T00:00:00Z') and 
  ingested_at < from_iso8601_timestamp('2025-02-01T00:00:00Z') and 
  (workspace = 'synq-demo' OR 1=1)
group by COALESCE(CAST(workspace AS VARCHAR), '')
order by COALESCE(CAST(workspace AS VARCHAR), '') 
---
