
[TestSegmentsSuite/TestSegmentQueries/bigquery - 1]
select
  SUBSTR(SAFE_CAST(workspace AS STRING), 1, 100) as segment, 
  SUBSTR(SAFE_CAST(run_status AS STRING), 1, 100) as segment2, 
  SUBSTR(SAFE_CAST(run_type AS STRING), 1, 100) as segment3, 
  count(*) as num_rows
from `db.default.runs` 
where
  timestamp(createdAt) >= timestamp '1985-07-16T00:00:00Z' and 
  timestamp(createdAt) < timestamp '2025-03-16T00:00:00Z' and 
  (1=1)
group by
  SUBSTR(SAFE_CAST(workspace AS STRING), 1, 100), 
  SUBSTR(SAFE_CAST(run_status AS STRING), 1, 100), 
  SUBSTR(SAFE_CAST(run_type AS STRING), 1, 100)
order by count(*) desc limit 10
---
