
[TestSegmentsSuite/TestSegmentQueries/databricks - 1]
select
  SUBSTRING(CAST(workspace AS STRING), 1, 100) as `segment`, 
  SUBSTRING(CAST(run_status AS STRING), 1, 100) as `segment2`, 
  SUBSTRING(CAST(run_type AS STRING), 1, 100) as `segment3`, 
  count(*) as `num_rows`
from db.default.runs 
where
  created_at >= '1985-07-16T00:00:00Z' and 
  created_at < '2025-03-16T00:00:00Z' and 
  (1=1)
group by
  `segment`, 
  `segment2`, 
  `segment3`
order by `num_rows` desc limit 10
---
