
[TestSegmentsSuite/TestSegmentQueries/db2 - 1]
select
  SUBSTRING(VARCHAR(workspace), 1, 100, CODEUNITS32) as "segment", 
  SUBSTRING(VARCHAR(run_status), 1, 100, CODEUNITS32) as "segment2", 
  SUBSTRING(VARCHAR(run_type), 1, 100, CODEUNITS32) as "segment3", 
  COUNT(*) as "num_rows"
from "default"."runs" 
where
  "createdAt" >= TIMESTAMP '1985-07-16 00:00:00' and 
  "createdAt" < TIMESTAMP '2025-03-16 00:00:00' and 
  (1=1)
group by
  SUBSTRING(VARCHAR(workspace), 1, 100, CODEUNITS32), 
  SUBSTRING(VARCHAR(run_status), 1, 100, CODEUNITS32), 
  SUBSTRING(VARCHAR(run_type), 1, 100, CODEUNITS32)
order by COUNT(*) desc FETCH FIRST 10 ROWS ONLY
---
